../Core/Src/main.c:90:5:main	8	static
../Core/Src/main.c:144:6:SystemClock_Config	88	static
../Core/Src/main.c:191:13:MX_ADC1_Init	24	static
../Core/Src/main.c:243:13:MX_TIM10_Init	8	static
../Core/Src/main.c:274:13:MX_TIM11_Init	8	static
../Core/Src/main.c:305:13:MX_USART2_UART_Init	8	static
../Core/Src/main.c:336:13:MX_DMA_Init	16	static
../Core/Src/main.c:358:13:MX_GPIO_Init	48	static
../Core/Src/main.c:395:1:__io_putchar	16	static
../Core/Src/main.c:408:6:Error_Handler	4	static,ignoring_inline_asm
